// Jest Snapshot v1, https://goo.gl/fbAQLP

exports[`filter input component testing renders filter input styled-component 1`] = `
<input
  className="sc-bdVaJa cZawRP"
/>
`;
